I'm sorry, but errors were detected in your script. Please correct the
errors listed below, and try again.


File "game/script.rpy", line 201: choice menuitem expects a non-empty block.
    "He/Him":
             ^

Ren'Py Version: Ren'Py 8.0.3.22090809
Wed Aug 23 11:48:37 2023
